// Jest Snapshot v1, https://goo.gl/fbAQLP

exports[`Close Button should render 1`] = `
<button
  className="cr-close-button"
  onClick={[Function]}
/>
`;
