// Jest Snapshot v1, https://goo.gl/fbAQLP

exports[`FilterInput should render 1`] = `
<div
  className="cr-search"
>
  <span
    className="cr-search__icon"
  >
    <img
      src="test-file-stub"
    />
  </span>
  <input
    className="cr-search__input"
    onChange={[Function]}
    placeholder="Search"
    type="text"
    value=""
  />
</div>
`;
