// Jest Snapshot v1, https://goo.gl/fbAQLP

exports[`InputBlock should render 1`] = `
<div
  className="cr-input-block"
>
   
  Message
  <Input
    className="cr-input-block__input"
    onChangeValue={[Function]}
    onKeyPress={[MockFunction]}
    type="text"
    value="0"
  />
</div>
`;
