// Jest Snapshot v1, https://goo.gl/fbAQLP

exports[`Avatar should render 1`] = `
<div
  className="cr-avatar"
>
  <div
    className="cr-avatar__image"
  >
    KE
  </div>
</div>
`;
