// Jest Snapshot v1, https://goo.gl/fbAQLP

exports[`Decimal should handle number child 1`] = `
<Fragment>
  <span>
    123
  </span>
  <span
    className="cr-decimal__opacity"
  >
    .32030200
  </span>
</Fragment>
`;

exports[`Decimal should handle string child 1`] = `
<Fragment>
  <span>
    123
  </span>
  <span
    className="cr-decimal__opacity"
  >
    .32030200
  </span>
</Fragment>
`;

exports[`Decimal should render 1`] = `
<Fragment>
  <span>
    123
  </span>
  <span
    className="cr-decimal__opacity"
  >
    .32030200
  </span>
</Fragment>
`;
