// Jest Snapshot v1, https://goo.gl/fbAQLP

exports[`QRCode renders correctly 1`] = `
<div
  className="qr-code"
>
  <QRCode
    bgColor="#FFFFFF"
    fgColor="#000000"
    includeMargin={false}
    level="L"
    renderAs="svg"
    size={118}
    value="sevaerverv343"
  />
</div>
`;
