// Jest Snapshot v1, https://goo.gl/fbAQLP

exports[`CryptoIcon should render 1`] = `
<span
  className="cr-crypto-icon"
>
  <span
    className="cr-crypto-font-BTC"
  >
     
  </span>
</span>
`;
