// Jest Snapshot v1, https://goo.gl/fbAQLP

exports[`OrderForm should match snapshot 1`] = `
<div
  className="cr-order-form"
>
  <div
    className="cr-order-item"
  >
    <Dropdown
      list={
        Array [
          "Limit",
          "Market",
        ]
      }
      onSelect={[Function]}
    />
  </div>
  <div
    className="cr-order-item"
  >
    <OrderInput
      currency="btc"
      handleChangeValue={[Function]}
      handleFocusInput={[Function]}
      isFocused={false}
      value=""
    />
  </div>
  <div
    className="cr-order-item"
  >
    <OrderInput
      currency="eth"
      handleChangeValue={[Function]}
      handleFocusInput={[Function]}
      isFocused={false}
      value=""
    />
  </div>
  <div
    className="cr-order-item"
  >
    <div
      className="cr-order-item__percentage-buttons"
    >
      <PercentageButton
        label="25%"
        onClick={[Function]}
      />
      <PercentageButton
        label="50%"
        onClick={[Function]}
      />
      <PercentageButton
        label="75%"
        onClick={[Function]}
      />
      <PercentageButton
        label="100%"
        onClick={[Function]}
      />
    </div>
  </div>
  <div
    className="cr-order-item"
  >
    <div
      className="cr-order-item__total"
    >
      <label
        className="cr-order-item__total__label"
      >
        Total
      </label>
      <div
        className="cr-order-item__total__content"
      >
        <span
          className="cr-order-item__total__content__amount"
        >
          0.0000
        </span>
        <span
          className="cr-order-item__total__content__currency"
        >
          BTC
        </span>
      </div>
    </div>
  </div>
  <div
    className="cr-order-item"
  >
    <div
      className="cr-order-item__available"
    >
      <label
        className="cr-order-item__available__label"
      >
        Available
      </label>
      <div
        className="cr-order-item__available__content"
      >
        <span
          className="cr-order-item__available__content__amount"
        >
          50.0000
        </span>
        <span
          className="cr-order-item__available__content__currency"
        >
          BTC
        </span>
      </div>
    </div>
  </div>
  <div
    className="cr-order-item"
  >
    <div
      className="cr-order-item__fee"
    >
      <label
        className="cr-order-item__fee__label"
      >
        Estimated fee
      </label>
      <div
        className="cr-order-item__fee__content"
      >
        <span
          className="cr-order-item__fee__content__amount"
        >
          0.0000
        </span>
        <span
          className="cr-order-item__fee__content__currency"
        >
          ETH
        </span>
      </div>
    </div>
  </div>
  <div
    className="cr-order-item"
  >
    <Button
      disabled={true}
      label="buy"
      noMargin={true}
      onClick={[Function]}
    />
  </div>
</div>
`;
