// Jest Snapshot v1, https://goo.gl/fbAQLP

exports[`Loader should render 1`] = `
<div
  className="cr-loader"
>
  <span
    className="loader-block"
  />
  <span
    className="loader-block"
  />
  <span
    className="loader-block"
  />
  <span
    className="loader-block"
  />
  <span
    className="loader-block"
  />
  <span
    className="loader-block"
  />
  <span
    className="loader-block"
  />
  <span
    className="loader-block"
  />
  <span
    className="loader-block"
  />
</div>
`;
